MLS1(Same commands for MLS2)
Switch>ENABLE
Switch#CONFIGURE TERMINAL
Enter configuration commands, one per line.  End with CNTL/Z.
Switch(config)#HOSTNAME MLS1
MLS1(config)#ENABLE SECRET class
MLS1(config)#line console 0
MLS1(config-line)#password cisco
MLS1(config-line)#login
MLS1(config-line)#line vty 0 15
MLS1(config-line)#password cisco
MLS1(config-line)#login
MLS1(config-line)#
MLS1(config-line)#vlan 10
MLS1(config-vlan)#name HR_main
MLS1(config-vlan)#vlan 11
MLS1(config-vlan)#name HR_data
MLS1(config-vlan)#vlan 12
MLS1(config-vlan)#name HR_voice
MLS1(config-vlan)#
MLS1(config-vlan)#vlan 20
MLS1(config-vlan)#name Mg_main
MLS1(config-vlan)#vlan 21
MLS1(config-vlan)#name Mg_data
MLS1(config-vlan)#vlan 22
MLS1(config-vlan)#name Mg_voice
MLS1(config-vlan)#vlan 30
MLS1(config-vlan)#name LABS_main
MLS1(config-vlan)#vlan 31
MLS1(config-vlan)#name LABS_data
MLS1(config-vlan)#vlan 32
MLS1(config-vlan)#name LABS_voice
MLS1(config-vlan)#
MLS1(config-vlan)##Inter-Vlan Routing
                  ^
% Invalid input detected at '^' marker.
	
MLS1(config-vlan)#exit
MLS1(config)#ip routing
MLS1(config)#interface Vlan 10
MLS1(config-if)#
%LINK-5-CHANGED: Interface Vlan10, changed state to up

MLS1(config-if)#ip address 192.168.10.1 255.255.255.0
MLS1(config-if)#no shutdown
MLS1(config-if)#interface Vlan 11
MLS1(config-if)#
%LINK-5-CHANGED: Interface Vlan11, changed state to up

MLS1(config-if)#ip address 192.168.11.1 255.255.255.0
MLS1(config-if)#no shutdown
MLS1(config-if)#interface Vlan 12
MLS1(config-if)#
%LINK-5-CHANGED: Interface Vlan12, changed state to up

MLS1(config-if)#ip address 192.168.12.1 255.255.255.0
MLS1(config-if)#interface Vlan 20
MLS1(config-if)#
%LINK-5-CHANGED: Interface Vlan20, changed state to up

MLS1(config-if)#ip address 192.168.20.1 255.255.255.0
MLS1(config-if)#no shutdown
MLS1(config-if)#interface Vlan 21
MLS1(config-if)#
%LINK-5-CHANGED: Interface Vlan21, changed state to up

MLS1(config-if)#ip address 192.168.21.1 255.255.255.0
MLS1(config-if)#no shutdown
MLS1(config-if)#interface Vlan 22
MLS1(config-if)#
%LINK-5-CHANGED: Interface Vlan22, changed state to up

MLS1(config-if)#ip address 192.168.22.1 255.255.255.0
MLS1(config-if)#no shutdown
MLS1(config-if)#interface Vlan 30
MLS1(config-if)#
%LINK-5-CHANGED: Interface Vlan30, changed state to up

MLS1(config-if)#ip address 192.168.30.1 255.255.255.0
MLS1(config-if)#interface Vlan 31
MLS1(config-if)#
%LINK-5-CHANGED: Interface Vlan31, changed state to up

MLS1(config-if)#ip address 192.168.31.1 255.255.255.0
MLS1(config-if)#no shutdown
MLS1(config-if)#
MLS1(config-if)#interface Vlan 32
MLS1(config-if)#
%LINK-5-CHANGED: Interface Vlan32, changed state to up

MLS1(config-if)#ip address 192.168.32.1 255.255.255.0
MLS1(config-if)#no shutdown
MLS1(config-if)#interface range Fa0/1-3
MLS1(config-if-range)#switchport trunk encapsulation dot1q
MLS1(config-if-range)#switchport mode trunk



MLS1(config-if-range)#
%LINEPROTO-5-UPDOWN: Line protocol on Interface FastEthernet0/1, changed state to down

%LINEPROTO-5-UPDOWN: Line protocol on Interface FastEthernet0/1, changed state to up

%LINEPROTO-5-UPDOWN: Line protocol on Interface Vlan10, changed state to up

%LINEPROTO-5-UPDOWN: Line protocol on Interface Vlan11, changed state to up

%LINEPROTO-5-UPDOWN: Line protocol on Interface Vlan12, changed state to up

%LINEPROTO-5-UPDOWN: Line protocol on Interface Vlan20, changed state to up

%LINEPROTO-5-UPDOWN: Line protocol on Interface Vlan21, changed state to up

%LINEPROTO-5-UPDOWN: Line protocol on Interface Vlan22, changed state to up

%LINEPROTO-5-UPDOWN: Line protocol on Interface Vlan30, changed state to up

%LINEPROTO-5-UPDOWN: Line protocol on Interface Vlan31, changed state to up

%LINEPROTO-5-UPDOWN: Line protocol on Interface Vlan32, changed state to up

%LINEPROTO-5-UPDOWN: Line protocol on Interface FastEthernet0/2, changed state to down

%LINEPROTO-5-UPDOWN: Line protocol on Interface FastEthernet0/2, changed state to up

%LINEPROTO-5-UPDOWN: Line protocol on Interface FastEthernet0/3, changed state to down

%LINEPROTO-5-UPDOWN: Line protocol on Interface FastEthernet0/3, changed state to up

MLS1(config-if-range)#switchport trunk native vlan 99
MLS1(config-if-range)#
%CDP-4-NATIVE_VLAN_MISMATCH: Native VLAN mismatch discovered on FastEthernet0/2 (99), with Switch FastEthernet0/1 (1).

%CDP-4-NATIVE_VLAN_MISMATCH: Native VLAN mismatch discovered on FastEthernet0/3 (99), with Switch FastEthernet0/3 (1).

%CDP-4-NATIVE_VLAN_MISMATCH: Native VLAN mismatch discovered on FastEthernet0/1 (99), with Switch FastEthernet0/1 (1).

MLS1(config-if-range)#exit
MLS1(config)#vlan 99
MLS1(config-vlan)#
%CDP-4-NATIVE_VLAN_MISMATCH: Native VLAN mismatch discovered on FastEthernet0/1 (99), with Switch FastEthernet0/1 (1).

%CDP-4-NATIVE_VLAN_MISMATCH: Native VLAN mismatch discovered on FastEthernet0/3 (99), with Switch FastEthernet0/3 (1).

%CDP-4-NATIVE_VLAN_MISMATCH: Native VLAN mismatch discovered on FastEthernet0/2 (99), with Switch FastEthernet0/1 (1).

MLS1(config-vlan)#vlan 99
MLS1(config-vlan)#name Native
MLS1(config-vlan)#interface range Fa0/1-3
%CDP-4-NATIVE_VLAN_MISMATCH: Native VLAN mismatch discovered on FastEthernet0/1 (99), with Switch FastEthernet0/1 (1).

%CDP-4-NATIVE_VLAN_MISMATCH: Native VLAN mismatch discovered on FastEthernet0/3 (99), with Switch FastEthernet0/3 (1).

MLS1(config-if-range)#
%CDP-4-NATIVE_VLAN_MISMATCH: Native VLAN mismatch discovered on FastEthernet0/2 (99), with Switch FastEthernet0/1 (1).

MLS1(config-if-range)#switchport trunk encapsulation dot1q
MLS1(config-if-range)#switchport mode trunk
MLS1(config-if-range)#switchport trunk native vlan 99
MLS1(config-if-range)#
MLS1#
%SYS-5-CONFIG_I: Configured from console by console

%CDP-4-NATIVE_VLAN_MISMATCH: Native VLAN mismatch discovered on FastEthernet0/3 (99), with Switch FastEthernet0/3 (1).

%CDP-4-NATIVE_VLAN_MISMATCH: Native VLAN mismatch discovered on FastEthernet0/1 (99), with Switch FastEthernet0/1 (1).

%CDP-4-NATIVE_VLAN_MISMATCH: Native VLAN mismatch discovered on FastEthernet0/2 (99), with Switch FastEthernet0/1 (1).

HR_switch
%CDP-4-NATIVE_VLAN_MISMATCH: Native VLAN mismatch discovered on FastEthernet0/1 (1), with MLS1 FastEthernet0/1 (99).

%CDP-4-NATIVE_VLAN_MISMATCH: Native VLAN mismatch discovered on FastEthernet0/1 (1), with MLS1 FastEthernet0/1 (99).

%CDP-4-NATIVE_VLAN_MISMATCH: Native VLAN mismatch discovered on FastEthernet0/1 (1), with MLS1 FastEthernet0/1 (99).

%CDP-4-NATIVE_VLAN_MISMATCH: Native VLAN mismatch discovered on FastEthernet0/1 (1), with MLS1 FastEthernet0/1 (99).

%CDP-4-NATIVE_VLAN_MISMATCH: Native VLAN mismatch discovered on FastEthernet0/1 (1), with MLS1 FastEthernet0/1 (99).

%CDP-4-NATIVE_VLAN_MISMATCH: Native VLAN mismatch discovered on FastEthernet0/1 (1), with MLS1 FastEthernet0/1 (99).

%CDP-4-NATIVE_VLAN_MISMATCH: Native VLAN mismatch discovered on FastEthernet0/1 (1), with MLS1 FastEthernet0/1 (99).

%CDP-4-NATIVE_VLAN_MISMATCH: Native VLAN mismatch discovered on FastEthernet0/1 (1), with MLS1 FastEthernet0/1 (99).

%CDP-4-NATIVE_VLAN_MISMATCH: Native VLAN mismatch discovered on FastEthernet0/1 (1), with MLS1 FastEthernet0/1 (99).

%CDP-4-NATIVE_VLAN_MISMATCH: Native VLAN mismatch discovered on FastEthernet0/1 (1), with MLS1 FastEthernet0/1 (99).

%CDP-4-NATIVE_VLAN_MISMATCH: Native VLAN mismatch discovered on FastEthernet0/1 (1), with MLS1 FastEthernet0/1 (99).

%CDP-4-NATIVE_VLAN_MISMATCH: Native VLAN mismatch discovered on FastEthernet0/1 (1), with MLS1 FastEthernet0/1 (99).

%CDP-4-NATIVE_VLAN_MISMATCH: Native VLAN mismatch discovered on FastEthernet0/1 (1), with MLS1 FastEthernet0/1 (99).

%CDP-4-NATIVE_VLAN_MISMATCH: Native VLAN mismatch discovered on FastEthernet0/1 (1), with MLS1 FastEthernet0/1 (99).

%CDP-4-NATIVE_VLAN_MISMATCH: Native VLAN mismatch discovered on FastEthernet0/1 (1), with MLS1 FastEthernet0/1 (99).

%CDP-4-NATIVE_VLAN_MISMATCH: Native VLAN mismatch discovered on FastEthernet0/1 (1), with MLS1 FastEthernet0/1 (99).

%CDP-4-NATIVE_VLAN_MISMATCH: Native VLAN mismatch discovered on FastEthernet0/1 (1), with MLS1 FastEthernet0/1 (99).

%CDP-4-NATIVE_VLAN_MISMATCH: Native VLAN mismatch discovered on FastEthernet0/1 (1), with MLS1 FastEthernet0/1 (99).

%CDP-4-NATIVE_VLAN_MISMATCH: Native VLAN mismatch discovered on FastEthernet0/1 (1), with MLS1 FastEthernet0/1 (99).

%CDP-4-NATIVE_VLAN_MISMATCH: Native VLAN mismatch discovered on FastEthernet0/1 (1), with MLS1 FastEthernet0/1 (99).

%CDP-4-NATIVE_VLAN_MISMATCH: Native VLAN mismatch discovered on FastEthernet0/1 (1), with MLS1 FastEthernet0/1 (99).

%CDP-4-NATIVE_VLAN_MISMATCH: Native VLAN mismatch discovered on FastEthernet0/1 (1), with MLS1 FastEthernet0/1 (99).

%CDP-4-NATIVE_VLAN_MISMATCH: Native VLAN mismatch discovered on FastEthernet0/1 (1), with MLS1 FastEthernet0/1 (99).

%CDP-4-NATIVE_VLAN_MISMATCH: Native VLAN mismatch discovered on FastEthernet0/1 (1), with MLS1 FastEthernet0/1 (99).
%SPANTREE-2-RECV_PVID_ERR: Received 802.1Q BPDU on non trunk FastEthernet0/3 VLAN1.

%SPANTREE-2-BLOCK_PVID_LOCAL: Blocking FastEthernet0/3 on VLAN0001. Inconsistent port type.


%LINEPROTO-5-UPDOWN: Line protocol on Interface FastEthernet0/3, changed state to down

%LINEPROTO-5-UPDOWN: Line protocol on Interface FastEthernet0/3, changed state to up
%SPANTREE-2-RECV_PVID_ERR: Received BPDU with inconsistent peer vlan id 99 on FastEthernet0/3 VLAN1.

%SPANTREE-2-BLOCK_PVID_LOCAL: Blocking FastEthernet0/3 on VLAN0001. Inconsistent local vlan.


%CDP-4-NATIVE_VLAN_MISMATCH: Native VLAN mismatch discovered on FastEthernet0/1 (1), with MLS1 FastEthernet0/1 (99).

%CDP-4-NATIVE_VLAN_MISMATCH: Native VLAN mismatch discovered on FastEthernet0/3 (1), with MLS1 FastEthernet0/3 (99).

%CDP-4-NATIVE_VLAN_MISMATCH: Native VLAN mismatch discovered on FastEthernet0/1 (1), with MLS1 FastEthernet0/1 (99).

%CDP-4-NATIVE_VLAN_MISMATCH: Native VLAN mismatch discovered on FastEthernet0/3 (1), with MLS1 FastEthernet0/3 (99).

%CDP-4-NATIVE_VLAN_MISMATCH: Native VLAN mismatch discovered on FastEthernet0/1 (1), with MLS1 FastEthernet0/1 (99).

%CDP-4-NATIVE_VLAN_MISMATCH: Native VLAN mismatch discovered on FastEthernet0/3 (1), with MLS1 FastEthernet0/3 (99).

%CDP-4-NATIVE_VLAN_MISMATCH: Native VLAN mismatch discovered on FastEthernet0/1 (1), with MLS1 FastEthernet0/1 (99).

%CDP-4-NATIVE_VLAN_MISMATCH: Native VLAN mismatch discovered on FastEthernet0/3 (1), with MLS1 FastEthernet0/3 (99).

%CDP-4-NATIVE_VLAN_MISMATCH: Native VLAN mismatch discovered on FastEthernet0/1 (1), with MLS1 FastEthernet0/1 (99).

%CDP-4-NATIVE_VLAN_MISMATCH: Native VLAN mismatch discovered on FastEthernet0/3 (1), with MLS1 FastEthernet0/3 (99).


Switch>enable configure terminal
              ^
% Invalid input detected at '^' marker.
	
Switch>enable 
Switch#enable configure terminal
%CDP-4-NATIVE_VLAN_MISMATCH: Native VLAN mismatch discovered on FastEthernet0/1 (1), with MLenable configure terminal
%CDP-4-NATIVE_VLAN_MISMATCH: Native VLAN mismatch discovered on FastEthernet0/3 (1), with MLS1 FastEthernet0/3 (99).

              ^
% Invalid input detected at '^' marker.
	
Switch#configure terminal
Enter configuration commands, one per line.  End with CNTL/Z.
Switch(config)#interface Fa0
%CDP-4-NATIVE_VLAN_MISMATCH: Native VLAN mismatch discovered on FastEthernet0/1 (1), with MLS1 FastEthernet0/1 (99).
/1
%CDP-4-NATIVE_VLAN_MISMATCH: Native VLAN mismatch discovered on FastEthernet0/3 (1), with MLS1 FastEthernet0/3 (99).

Switch(config-if)#interface Fa0/1
Switch(config-if)#switchport mode trunk
Switch(config-if)#switchport trunk native vlan 99
Switch(config-if)#%SPANTREE-2-UNBLOCK_CONSIST_PORT: Unblocking FastEthernet0/1 on VLAN0099. Port consistency restored.

%SPANTREE-2-UNBLOCK_CONSIST_PORT: Unblocking FastEthernet0/1 on VLAN0001. Port consistency restored.


Switch(config-if)#interface Fa0/3
Switch(config-if)#
%CDP-4-NATIVE_VLAN_MISMATCH: Native VLAN mismatch discovered on FastEthernet0/3 (1), with MLS1 FastEthernet0/3 (99).

Switch(config-if)#switchport mode trunk
Switch(config-if)#switchport trunk native vlan 99
Switch(config-if)#%SPANTREE-2-UNBLOCK_CONSIST_PORT: Unblocking FastEthernet0/3 on VLAN0099. Port consistency restored.

%SPANTREE-2-UNBLOCK_CONSIST_PORT: Unblocking FastEthernet0/3 on VLAN0001. Port consistency restored.










Switch con0 is now available






Press RETURN to get started.













Switch>ENABLE 
Switch#Configure terminal
Enter configuration commands, one per line.  End with CNTL/Z.
Switch(config)#hostname HR_switch
HR_switch(config)#enable secret class
HR_switch(config)#line console 0
HR_switch(config-line)#password cisco
HR_switch(config-line)#login
HR_switch(config-line)#exit
HR_switch(config)#vlan 10
HR_switch(config-vlan)#name HR_main
HR_switch(config-vlan)#vlan 11
HR_switch(config-vlan)#name HR_data
HR_switch(config-vlan)#vlan 12
HR_switch(config-vlan)#name HR_voice
HR_switch(config-vlan)#interface fa0/5-7
                       ^
% Invalid input detected at '^' marker.
	
HR_switch(config-vlan)#interface range fa0/5-7
HR_switch(config-if-range)#switchport mode access
HR_switch(config-if-range)#switchport access vlan 10
HR_switch(config-if-range)#spanning-tree portfast
%Warning: portfast should only be enabled on ports connected to a single
host. Connecting hubs, concentrators, switches, bridges, etc... to this
interface  when portfast is enabled, can cause temporary bridging loops.
Use with CAUTION

%Portfast has been configured on FastEthernet0/5 but will only
have effect when the interface is in a non-trunking mode.
%Warning: portfast should only be enabled on ports connected to a single
host. Connecting hubs, concentrators, switches, bridges, etc... to this
interface  when portfast is enabled, can cause temporary bridging loops.
Use with CAUTION

%Portfast has been configured on FastEthernet0/6 but will only
have effect when the interface is in a non-trunking mode.
%Warning: portfast should only be enabled on ports connected to a single
host. Connecting hubs, concentrators, switches, bridges, etc... to this
interface  when portfast is enabled, can cause temporary bridging loops.
Use with CAUTION

%Portfast has been configured on FastEthernet0/7 but will only
have effect when the interface is in a non-trunking mode.
HR_switch(config-if-range)#interface range fa0/8-11
HR_switch(config-if-range)#switchport mode access
HR_switch(config-if-range)#switchport access vlan 11
HR_switch(config-if-range)#
HR_switch(config-if-range)#interface range fa0/12-15
HR_switch(config-if-range)#switchport mode access
HR_switch(config-if-range)#switchport access vlan 12
HR_switch(config-if-range)#

Mgt_Switch

Switch>enable
Switch#configure terminal
Enter configuration commands, one per line.  End with CNTL/Z.
Switch(config)#hostname Mgt_Switch
Mgt_Switch(config)#enable secret class
Mgt_Switch(config)#line console 0
Mgt_Switch(config-line)#password cisco
Mgt_Switch(config-line)#login
Mgt_Switch(config-line)#exit
Mgt_Switch(config)#vlan 20
Mgt_Switch(config-vlan)#Mg_main
                        ^
% Invalid input detected at '^' marker.
	
Mgt_Switch(config-vlan)#name Mg_main
Mgt_Switch(config-vlan)#vlan 21
Mgt_Switch(config-vlan)#name Mg_data
Mgt_Switch(config-vlan)#vlan 22
Mgt_Switch(config-vlan)#name Mg_voice
Mgt_Switch(config-vlan)#interface range fa0/5-7
Mgt_Switch(config-if-range)#switchport mode access
Mgt_Switch(config-if-range)#switchport access vlan 20
Mgt_Switch(config-if-range)#interface range fa0/8-11
Mgt_Switch(config-if-range)#switchport mode access
Mgt_Switch(config-if-range)#switchport access vlan 21
Mgt_Switch(config-if-range)#interface range fa0/12-15
Mgt_Switch(config-if-range)#switchport mode access
Mgt_Switch(config-if-range)#switchport access vlan 22

LAB_Switch
Switch>enable
Switch#configure terminal
Enter configuration commands, one per line.  End with CNTL/Z.
Switch(config)#hostname LAB_switch
LAB_switch(config)#enable secret class
LAB_switch(config)#line console 0
LAB_switch(config-line)#password cisco
LAB_switch(config-line)#login
LAB_switch(config-line)#exit
LAB_switch(config)#vlan 30
LAB_switch(config-vlan)#LABS_main
                        ^
% Invalid input detected at '^' marker.
	
LAB_switch(config-vlan)#name LABS_main
LAB_switch(config-vlan)#vlan 31
LAB_switch(config-vlan)#name LABS_data
LAB_switch(config-vlan)#vlan 32
LAB_switch(config-vlan)#name LABS_voice
LAB_switch(config-vlan)#interface range fa0/4-6
LAB_switch(config-if-range)#switchport mode access
LAB_switch(config-if-range)#switchport access vlan 30
LAB_switch(config-if-range)#interface range fa0/7-10
LAB_switch(config-if-range)#switchport mode access
LAB_switch(config-if-range)#switchport access vlan 31
LAB_switch(config-if-range)#interface range fa0/11-14
LAB_switch(config-if-range)#switchport mode access
LAB_switch(config-if-range)#switchport access vlan 32
LAB_switch(config-if-range)#

Router0
         --- System Configuration Dialog ---

Would you like to enter the initial configuration dialog? [yes/no]: 

Press RETURN to get started!



Router>enable 
Router#configure terminal
Enter configuration commands, one per line.  End with CNTL/Z.
Router(config)#enable secret class
Router(config)#line console 0
Router(config-line)#password cisco
Router(config-line)#login 
Router(config-line)#exit
Router(config)#ip address 10.0.0.1 255.255.255.252
                   ^
% Invalid input detected at '^' marker.
	
Router(config)#u








Router con0 is now available






Press RETURN to get started.













User Access Verification

Password: 

Router>enable
Password: 
Router#configure terminal
Enter configuration commands, one per line.  End with CNTL/Z.
Router(config)#interface gig0/0/1
Router(config-if)#ip address 10.0.0.1 255.255.255.252
Router(config-if)#no shutdown

Router(config-if)#
%LINK-5-CHANGED: Interface GigabitEthernet0/0/1, changed state to up

%LINEPROTO-5-UPDOWN: Line protocol on Interface GigabitEthernet0/0/1, changed state to up

Router(config-if)#ip route 192.168.0.0 255.255.0.0 10.0.0.2
Router(config)#
Router#
%SYS-5-CONFIG_I: Configured from console by console

Router#configure terminal
Enter configuration commands, one per line.  End with CNTL/Z.
Router(config)#interface Serial0/1/0
Router(config-if)#ip address 10.1.1.1 255.255.255.252
Router(config-if)#clock rate 128000
This command applies only to DCE interfaces
Router(config-if)#encapsulation ppp
Router(config-if)#no shutdown
